# ALPHA = 0.05
# NUMBER_OF_TESTS = 186

# _SET1_  VARIABLE = KEGG_PANCREATIC_CANCER (set)
# _SET1_  NGENES = 64
# _SET1_  P-VALUE = 0.000161902
_SET1_   GENE     CHR      START       STOP  NSNPS  NPARAM     N        ZSTAT            P  ZFITTED_BASE  ZRESID_BASE
_SET1_   PIK3CD     1    9650731    9729614    151      63  1000     -0.77143        0.746   -1.1102e-16     -0.77143
_SET1_   CASP9      1   15490332   15527534    198      41  1000      0.58014         0.25   -1.1102e-16      0.58014
_SET1_   CDC42      1   22024511   22101860    210      40  1000      0.66575        0.219   -1.1102e-16      0.66575
_SET1_   E2F2       1   23505938   23532233    102      16  1000       0.7284        0.214   -1.1102e-16       0.7284
_SET1_   PIK3R3     1   46039640   46134036    176      34  1000       0.7127        0.213   -1.1102e-16       0.7127
_SET1_   JAK1       1   64832729   65068754    551     191  1000     -0.33071        0.566   -1.1102e-16     -0.33071
_SET1_   TGFB2      1  218344336  218445119    235      80  1000     -0.48185        0.643   -1.1102e-16     -0.48185
_SET1_   AKT3       1  243487733  243852079    483     165  1000     0.034138        0.425   -1.0408e-16     0.034138
_SET1_   TGFA       2   70446784   70555193    258      46  1000     -0.46251        0.637   -1.1102e-16     -0.46251
_SET1_   RALB       2  120239064  120295210    111      42  1000     -0.24884        0.563   -1.1102e-16     -0.24884
_SET1_   STAT1      2  190907960  191021960    184      92  1000        1.166        0.101             0        1.166
_SET1_   RAF1       3   12583101   12665125    212      61  1000     -0.27339        0.568   -1.1102e-16     -0.27339
_SET1_   TGFBR2     3   30605601   30694642    198      71  1000       1.0195         0.13             0       1.0195
_SET1_   PIK3CB     3  138652198  138835928    276      79  1000     0.096329         0.41   -1.1102e-16     0.096329
_SET1_   PLD1       3  171599904  171811950    539     191  1000     -0.77023        0.731   -1.1102e-16     -0.77023
_SET1_   PIK3CA     3  179147114  179240593    199      92  1000       1.0101        0.132             0       1.0101
_SET1_   MAPK10     4   85989507   86595625   1938     291  1000     -0.52303        0.597   -1.1102e-16     -0.52303
_SET1_   NFKB1      4  102500331  102617802    301     109  1000       1.8727        0.023             0       1.8727
_SET1_   EGF        4  109911883  110014266    482     104  1000      0.12109        0.395   -1.1102e-16      0.12109
_SET1_   VEGFC      4  176683038  176793922    172      62  1000      0.27486        0.353   -1.1102e-16      0.27486
_SET1_   PIK3R1     5   68214756   68302321    219      67  1000      0.73915        0.198   -1.1102e-16      0.73915
_SET1_   MAPK9      5  180232643  180293099    182      58  1000       -0.359        0.596   -1.1102e-16       -0.359
_SET1_   E2F3       6   20400879   20494214    149      80  1000       1.7793        0.029             0       1.7793
_SET1_   VEGFA      6   43769184   43786987     37      17  1000       -1.175        0.863             0       -1.175
_SET1_   RAC1       7    6373527    6404467    107      44  1000     -0.37003        0.609   -1.1102e-16     -0.37003
_SET1_   RALA       7   39622565   39708620    153      42  1000      -1.0022        0.817             0      -1.0022
_SET1_   EGFR       7   55018017   55212128    321     134  1000     -0.28006        0.559   -1.1102e-16     -0.28006
_SET1_   CDK6       7   92604421   92837573    563     180  1000      -0.1182        0.479   -1.1102e-16      -0.1182
_SET1_   PIK3CG     7  106864278  106909480     83      22  1000      0.34528        0.334   -1.1102e-16      0.34528
_SET1_   BRAF       7  140718827  140925929    319      90  1000       1.1472        0.101             0       1.1472
_SET1_   IKBKB      8   42270302   42332960     37      26  1000       0.1514        0.399   -1.1102e-16       0.1514
_SET1_   CDKN2A     9   21967252   21996301     31      18  1000      -0.5703        0.685   -1.1102e-16      -0.5703
_SET1_   TGFBR1     9   99103038   99154692     50      25  1000      0.19946        0.384   -1.1102e-16      0.19946
_SET1_   MAPK8     10   48305639   48439860    205     108  1000      0.04254        0.433   -1.0408e-16      0.04254
_SET1_   CHUK      10  100187800  100230596    156      59  1000      0.14354        0.404   -1.1102e-16      0.14354
_SET1_   VEGFB     11   64233584   64239764     13       3  1000       1.2847     0.095999             0       1.2847
_SET1_   BAD       11   64269330   64285704     22       7  1000       1.1116        0.125             0       1.1116
_SET1_   RELA      11   65653097   65664090     22      12  1000       1.4781        0.059             0       1.4781
_SET1_   CCND1     11   69640156   69654974     49      16  1000      0.11982        0.426   -1.1102e-16      0.11982
_SET1_   KRAS      12   25204746   25251936    180      71  1000      0.25158        0.359   -1.1102e-16      0.25158
_SET1_   CDK4      12   57747227   57757013     20       9  1000       -1.025        0.832             0       -1.025
_SET1_   BRCA2     13   32314086   32400768    244      50  1000       1.0419        0.127             0       1.0419
_SET1_   RB1       13   48302744   48599936    942     181  1000      0.58926        0.211   -1.1102e-16      0.58926
_SET1_   PGF       14   74941334   74956626     39       6  1000       1.3965        0.074             0       1.3965
_SET1_   TGFB3     14   75957597   75984011     68      29  1000     -0.04148        0.479   -1.0408e-16     -0.04148
_SET1_   AKT1      14  104768849  104796751    108      34  1000       1.2248        0.095             0       1.2248
_SET1_   RAD51     15   40693774   40732840    108      30  1000     -0.46849        0.651   -1.1102e-16     -0.46849
_SET1_   MAP2K1    15   66385837   66492044    309     158  1000     -0.43193        0.619   -1.1102e-16     -0.43193
_SET1_   SMAD3     15   67062763   67195673    397     138  1000       0.6286         0.22   -1.1102e-16       0.6286
_SET1_   MAPK3     16   30113605   30124506     16      12  1000     -0.87746        0.787   -1.1102e-16     -0.87746
_SET1_   TP53      17    7661279    7688538     49      27  1000      -1.0844        0.842             0      -1.0844
_SET1_   PIK3R5    17    8878411    8966712    235     122  1000      -1.6494        0.937             0      -1.6494
_SET1_   ERBB2     17   39686914   39730926     67      28  1000      0.68373        0.223   -1.1102e-16      0.68373
_SET1_   STAT3     17   42312824   42389540    112      61  1000   -0.0067528        0.462   -1.0495e-16   -0.0067528
_SET1_   RALBP1    18    9474009    9538614    167      40  1000      0.63016        0.231   -1.1102e-16      0.63016
_SET1_   SMAD2     18   47808457   47932146    344      77  1000     -0.23915        0.548   -1.1102e-16     -0.23915
_SET1_   SMAD4     18   51027394   51085545    108      55  1000    -0.070804        0.486   -1.1102e-16    -0.070804
_SET1_   PIK3R2    19   18152163   18171032    106      41  1000     -0.28576        0.577   -1.1102e-16     -0.28576
_SET1_   AKT2      19   40229817   40286536    217      66  1000      0.21421        0.371   -1.1102e-16      0.21421
_SET1_   TGFB1     19   41301087   41354922    164      84  1000     -0.12471        0.504   -1.1102e-16     -0.12471
_SET1_   BCL2L1    20   31663952   31724989    197      59  1000      0.27517        0.353   -1.1102e-16      0.27517
_SET1_   E2F1      20   33674977   33687385     43      20  1000      0.66295        0.229   -1.1102e-16      0.66295
_SET1_   MAPK1     22   21759157   21868680     78      51  1000     -0.24273        0.552   -1.1102e-16     -0.24273
_SET1_   RAC2      22   37224770   37245448     57      24  1000       2.0282        0.017             0       2.0282
