# ALPHA = 0.05
# NUMBER_OF_TESTS = 186

# _SET1_  VARIABLE = KEGG_FC_GAMMA_R_MEDIATED_PHAGOCYTOSIS (set)
# _SET1_  NGENES = 94
# _SET1_  P-VALUE = 3.96838e-05
_SET1_   GENE       CHR      START       STOP  NSNPS  NPARAM     N        ZSTAT            P  ZFITTED_BASE  ZRESID_BASE
_SET1_   PIK3CD       1    9650731    9729614    151      63  1000      0.75212         0.19   -2.2204e-16      0.75212
_SET1_   CDC42        1   22024511   22101860    210      40  1000       1.6322        0.042   -2.2204e-16       1.6322
_SET1_   ASAP3        1   23428063   23485568     92      27  1000     0.063288        0.438   -2.0817e-16     0.063288
_SET1_   WASF2        1   27403730   27491167    100      35  1000      -1.0351        0.823   -2.2204e-16      -1.0351
_SET1_   MARCKSL1     1   32333339   32337233     10       5  1000      0.37617        0.332   -2.2204e-16      0.37617
_SET1_   PIK3R3       1   46039640   46134036    176      34  1000      0.60482        0.241   -2.2204e-16      0.60482
_SET1_   PLPP3        1   56494261   56646301    240      51  1000     -0.39315         0.61   -2.2204e-16     -0.39315
_SET1_   VAV3         1  107570661  107966180    591     226  1000     -0.17221          0.5   -2.2204e-16     -0.17221
_SET1_   FCGR1A       1  149781671  149792175     13       4  1000      0.16327        0.423   -2.2204e-16      0.16327
_SET1_   PIP5K1A      1  151196949  151250036     69      26  1000     -0.35064          0.6   -2.2204e-16     -0.35064
_SET1_   FCGR2A       1  161504430  161524513     50      31  1000     -0.65512        0.707   -2.2204e-16     -0.65512
_SET1_   FCGR3A       1  161541259  161551737      9       8  1000      0.99546        0.141   -2.2204e-16      0.99546
_SET1_   FCGR2C       1  161580339  161606162    168      66  1000      0.60192        0.232   -2.2204e-16      0.60192
_SET1_   FCGR2B       1  161662147  161679154     52      23  1000       1.8797        0.024   -2.2204e-16       1.8797
_SET1_   DNM3         1  171840498  172418966   1241     284  1000     0.049419        0.403   -2.0817e-16     0.049419
_SET1_   ARPC5        1  183620346  183636783     17       6  1000     -0.54185        0.685   -2.2204e-16     -0.54185
_SET1_   PLA2G4A      1  186827949  186989481    521     125  1000    -0.053767        0.463   -2.0817e-16    -0.053767
_SET1_   PTPRC        1  198637457  198757976    184      64  1000   -0.0092978        0.455    -2.099e-16   -0.0092978
_SET1_   AKT3         1  243487733  243852079    483     165  1000       1.8366        0.023   -2.2204e-16       1.8366
_SET1_   ASAP2        2    9205765    9406183    509     158  1000      0.17004        0.371   -2.2204e-16      0.17004
_SET1_   PRKCE        2   45650345   46188490   1415     657  1000      0.61679        0.197   -2.2204e-16      0.61679
_SET1_   PIKFYVE      2  208265255  208359246    209      72  1000      0.84173        0.166   -2.2204e-16      0.84173
_SET1_   ARPC2        2  218216141  218254856     97      39  1000       1.4305        0.062   -2.2204e-16       1.4305
_SET1_   INPP5D       2  233058967  233208403    261      97  1000     -0.56054        0.665   -2.2204e-16     -0.56054
_SET1_   ARPC4        3    9791495    9807601     24      14  1000       1.1566        0.107   -2.2204e-16       1.1566
_SET1_   RAF1         3   12583101   12665125    212      61  1000       1.4933        0.053   -2.2204e-16       1.4933
_SET1_   PRKCD        3   53155009   53193217     89      31  1000     -0.33297        0.591   -2.2204e-16     -0.33297
_SET1_   PIK3CB       3  138652198  138835928    276      79  1000      0.94673        0.142   -2.2204e-16      0.94673
_SET1_   PLD1         3  171599904  171811950    539     191  1000     -0.55866        0.652   -2.2204e-16     -0.55866
_SET1_   PIK3CA       3  179147114  179240593    199      92  1000      0.74138        0.188   -2.2204e-16      0.74138
_SET1_   MYO10        5   16661407   16937288    881     374  1000     -0.54433        0.636   -2.2204e-16     -0.54433
_SET1_   PLPP1        5   55424354   55535969    263      98  1000     -0.18894         0.52   -2.2204e-16     -0.18894
_SET1_   PIK3R1       5   68214756   68302321    219      67  1000     -0.43617        0.622   -2.2204e-16     -0.43617
_SET1_   DOCK2        5  169636268  170083882   1187     525  1000      0.53281        0.227   -2.2204e-16      0.53281
_SET1_   WASF1        6  110099319  110181004    148      55  1000      0.11209        0.407   -2.0817e-16      0.11209
_SET1_   RAC1         7    6373527    6404467    107      44  1000      -1.4335        0.906   -2.2204e-16      -1.4335
_SET1_   SCIN         7   12569577   12660682    376     102  1000       1.3506        0.068   -2.2204e-16       1.3506
_SET1_   AMPH         7   38383204   38632420   1117     352  1000      0.37028        0.285   -2.2204e-16      0.37028
_SET1_   LIMK1        7   74081933   74123025     54      14  1000      0.77634        0.199   -2.2204e-16      0.77634
_SET1_   NCF1         7   74772962   74789876      2       1  1000   -0.0073442        0.498    -2.099e-16   -0.0073442
_SET1_   ARPC1A       7   99324898   99366762     34      12  1000       1.3953     0.071999   -2.2204e-16       1.3953
_SET1_   ARPC1B       7   99373249   99395316      4       4  1000      0.06165         0.45   -2.0817e-16      0.06165
_SET1_   PIK3CG       7  106864278  106909480     83      22  1000      0.16079        0.403   -2.2204e-16      0.16079
_SET1_   WASL         7  123681443  123750003    124      22  1000      -1.0844        0.842   -2.2204e-16      -1.0844
_SET1_   LYN          8   55878835   56014669    324      64  1000       1.0279        0.126   -2.2204e-16       1.0279
_SET1_   ASAP1        8  130051604  130444674   1051     220  1000     -0.93374        0.774   -2.2204e-16     -0.93374
_SET1_   PIP5K1B      9   68704240   69009676    136      85  1000     -0.53237        0.652   -2.2204e-16     -0.53237
_SET1_   SYK          9   90800787   90899049    450     111  1000     -0.05142        0.465   -2.0817e-16     -0.05142
_SET1_   GSN          9  121206794  121333343    440      92  1000        1.027        0.123   -2.2204e-16        1.027
_SET1_   ARPC5L       9  124861130  124878233     55      22  1000       -1.101        0.843   -2.2204e-16       -1.101
_SET1_   DNM1         9  128190655  128255748     83      42  1000       1.0551         0.12   -2.2204e-16       1.0551
_SET1_   VAV2         9  133761394  133993604    773     365  1000      0.12963        0.374   -2.2204e-16      0.12963
_SET1_   CFL1        11   65822522   65863026     47      19  1000       2.0284        0.017             0       2.0284
_SET1_   RPS6KB2     11   67427460   67435901     17       5  1000       1.3916        0.076   -2.2204e-16       1.3916
_SET1_   PAK1        11   77321517   77475635    319      73  1000     -0.45919        0.632   -2.2204e-16     -0.45919
_SET1_   GAB2        11   78214793   78419348    285      86  1000      -1.6624        0.937   -2.2204e-16      -1.6624
_SET1_   DNM1L       12   32678200   32746150    190      61  1000      0.66096        0.217   -2.2204e-16      0.66096
_SET1_   ARPC3       12  110434323  110451422     23       9  1000     -0.14642        0.534   -2.2204e-16     -0.14642
_SET1_   WASF3       13   26556683   26689448    484     136  1000       1.8054        0.025   -2.2204e-16       1.8054
_SET1_   CFL2        14   34708613   34715823     58       9  1000      0.90861        0.169   -2.2204e-16      0.90861
_SET1_   ARF6        14   49892082   49897554      6       4  1000    -0.031194         0.49   -2.0817e-16    -0.031194
_SET1_   AKT1        14  104768849  104796751    108      34  1000      -1.1033        0.841   -2.2204e-16      -1.1033
_SET1_   PLA2G4B     15   41836775   41848647     25      13  1000      0.15393        0.404   -2.2204e-16      0.15393
_SET1_   PLA2G4E     15   41981082   42052190    101      31  1000       0.2816        0.352   -2.2204e-16       0.2816
_SET1_   PLA2G4D     15   42066509   42095562     36      22  1000       1.7763         0.03   -2.2204e-16       1.7763
_SET1_   PLA2G4F     15   42138534   42157636     57      37  1000       1.4614        0.057   -2.2204e-16       1.4614
_SET1_   MAP2K1      15   66385837   66492044    309     158  1000      0.12364        0.388   -2.0817e-16      0.12364
_SET1_   PRKCB       16   23834983   24221111   1097     378  1000     -0.53333         0.63   -2.2204e-16     -0.53333
_SET1_   LAT         16   28983826   28991284      8       5  1000      0.85281         0.18   -2.2204e-16      0.85281
_SET1_   MAPK3       16   30113605   30124506     16      12  1000      -1.1938        0.865   -2.2204e-16      -1.1938
_SET1_   PLCG2       16   81738097   81963185   1248     578  1000      0.51123        0.231   -2.2204e-16      0.51123
_SET1_   CRK         17    1420189    1464162    148      46  1000     -0.23868        0.552   -2.2204e-16     -0.23868
_SET1_   PLD2        17    4806152    4823934     73      39  1000       1.1141         0.11   -2.2204e-16       1.1141
_SET1_   PIK3R5      17    8878411    8966712    235     122  1000       2.9092       0.0011             0       2.9092
_SET1_   PIP4K2B     17   38765191   38801126     57      16  1000      0.43888        0.302   -2.2204e-16      0.43888
_SET1_   RPS6KB1     17   59892046   59951074    102      38  1000      -1.2988        0.883   -2.2204e-16      -1.2988
_SET1_   PRKCA       17   66301613   66811243   1438     498  1000      -0.3714         0.56   -2.2204e-16      -0.3714
_SET1_   SPHK1       17   76375584   76388360     64      23  1000      0.61746        0.239   -2.2204e-16      0.61746
_SET1_   PLPP2       19     280540     292403     35      27  1000       1.0207        0.128   -2.2204e-16       1.0207
_SET1_   PIP5K1C     19    3629683    3701468    165      70  1000     0.034353        0.435   -2.0817e-16     0.034353
_SET1_   VAV1        19    6771708    6857866    270     132  1000     -0.19166        0.516   -2.2204e-16     -0.19166
_SET1_   DNM2        19   10717079   10833988    193      61  1000      0.42585        0.291   -2.2204e-16      0.42585
_SET1_   PIK3R2      19   18152163   18171032    106      41  1000       -1.966        0.968   -2.2204e-16       -1.966
_SET1_   AKT2        19   40229817   40286536    217      66  1000       1.0829        0.114   -2.2204e-16       1.0829
_SET1_   VASP        19   45505579   45527483     52      30  1000       1.6032        0.043   -2.2204e-16       1.6032
_SET1_   SPHK2       19   48618291   48631217     36      10  1000     -0.48708        0.663   -2.2204e-16     -0.48708
_SET1_   PRKCG       19   53878190   53908152    126      58  1000     -0.93989        0.792   -2.2204e-16     -0.93989
_SET1_   HCK         20   32051197   32102356     29      18  1000      0.31082        0.342   -2.2204e-16      0.31082
_SET1_   PLCG1       20   41135960   41197301    154      61  1000     -0.41286        0.613   -2.2204e-16     -0.41286
_SET1_   CRKL        22   20916407   20954247    132      54  1000     -0.85198        0.768   -2.2204e-16     -0.85198
_SET1_   MAPK1       22   21759157   21868680     78      51  1000      0.67864        0.211   -2.2204e-16      0.67864
_SET1_   LIMK2       22   31211239   31280580    168      80  1000     -0.93301        0.787   -2.2204e-16     -0.93301
_SET1_   RAC2        22   37224770   37245448     57      24  1000      0.84718        0.173   -2.2204e-16      0.84718
_SET1_   PLA2G6      22   38110995   38215778    236      73  1000      0.63312        0.223   -2.2204e-16      0.63312
